// Jest Snapshot v1, https://goo.gl/fbAQLP

exports[`renderer generateDocFromSchema() Markdown document structure from GraphQL schema is correct when using api hierarchy 1`] = `
{
  "generated.md": "Dummy homepage for tweet.graphql",
  "operations/directives/include.mdx": "include",
  "operations/directives/skip.mdx": "skip",
  "operations/mutations/add-course.mdx": "add-course",
  "operations/mutations/drop-course.mdx": "drop-course",
  "operations/mutations/update-gpa.mdx": "update-gpa",
  "operations/mutations/update-grade.mdx": "update-grade",
  "operations/queries/all-courses.mdx": "all-courses",
  "operations/queries/course.mdx": "course",
  "operations/queries/gpa.mdx": "gpa",
  "operations/queries/math-courses.mdx": "math-courses",
  "operations/queries/science-courses.mdx": "science-courses",
  "operations/queries/search-role.mdx": "search-role",
  "operations/queries/un-weighted-gpa.mdx": "un-weighted-gpa",
  "operations/queries/weighted-gpa.mdx": "weighted-gpa",
  "types/directives/deprecated.mdx": "deprecated",
  "types/directives/doc.mdx": "doc",
  "types/directives/no-doc.mdx": "no-doc",
  "types/directives/one-of.mdx": "one-of",
  "types/directives/public.mdx": "public",
  "types/directives/specified-by.mdx": "specified-by",
  "types/enums/roles.mdx": "roles",
  "types/interfaces/record.mdx": "record",
  "types/objects/course.mdx": "course",
  "types/objects/department-information.mdx": "department-information",
  "types/objects/semester.mdx": "semester",
  "types/objects/unused-type.mdx": "unused-type",
  "types/scalars/boolean.mdx": "boolean",
  "types/scalars/date.mdx": "date",
  "types/scalars/email-address.mdx": "email-address",
  "types/scalars/id.mdx": "id",
  "types/scalars/int.mdx": "int",
  "types/scalars/phone-number.mdx": "phone-number",
  "types/scalars/string.mdx": "string",
  "types/scalars/time.mdx": "time",
  "types/scalars/url.mdx": "url",
}
`;

exports[`renderer generateDocFromSchema() Markdown document structure from GraphQL schema is correct when using api hierarchy 2`] = `{}`;

exports[`renderer generateDocFromSchema() Markdown document structure from GraphQL schema is correct when using flat hierarchy 1`] = `
{
  "add-course.md": "add-course",
  "all-courses.md": "all-courses",
  "boolean.md": "boolean",
  "course.md": "course",
  "date.md": "date",
  "department-information.md": "department-information",
  "deprecated.md": "deprecated",
  "doc.md": "doc",
  "drop-course.md": "drop-course",
  "email-address.md": "email-address",
  "generated.md": "Dummy homepage for tweet.graphql",
  "gpa.md": "gpa",
  "id.md": "id",
  "include.md": "include",
  "int.md": "int",
  "math-courses.md": "math-courses",
  "no-doc.md": "no-doc",
  "one-of.md": "one-of",
  "phone-number.md": "phone-number",
  "public.md": "public",
  "record.md": "record",
  "roles.md": "roles",
  "science-courses.md": "science-courses",
  "search-role.md": "search-role",
  "semester.md": "semester",
  "skip.md": "skip",
  "specified-by.md": "specified-by",
  "string.md": "string",
  "time.md": "time",
  "un-weighted-gpa.md": "un-weighted-gpa",
  "unused-type.md": "unused-type",
  "update-gpa.md": "update-gpa",
  "update-grade.md": "update-grade",
  "url.md": "url",
  "weighted-gpa.md": "weighted-gpa",
}
`;

exports[`renderer generateDocFromSchema() Markdown document structure from GraphQL schema is correct when using flat hierarchy 2`] = `{}`;

exports[`renderer generateDocFromSchema() Markdown document structure from GraphQL schema is correct when using grouping 1`] = `
{
  "course/mutations/add-course.mdx": "add-course",
  "course/mutations/drop-course.mdx": "drop-course",
  "course/queries/all-courses.mdx": "all-courses",
  "course/queries/course.mdx": "course",
  "course/queries/math-courses.mdx": "math-courses",
  "course/queries/science-courses.mdx": "science-courses",
  "generated.md": "Dummy homepage for tweet.graphql",
  "grade/mutations/update-gpa.mdx": "update-gpa",
  "grade/mutations/update-grade.mdx": "update-grade",
  "grade/queries/gpa.mdx": "gpa",
  "grade/queries/un-weighted-gpa.mdx": "un-weighted-gpa",
  "grade/queries/weighted-gpa.mdx": "weighted-gpa",
  "misc/directives/deprecated.mdx": "deprecated",
  "misc/directives/doc.mdx": "doc",
  "misc/directives/include.mdx": "include",
  "misc/directives/no-doc.mdx": "no-doc",
  "misc/directives/one-of.mdx": "one-of",
  "misc/directives/public.mdx": "public",
  "misc/directives/skip.mdx": "skip",
  "misc/directives/specified-by.mdx": "specified-by",
  "misc/enums/roles.mdx": "roles",
  "misc/interfaces/record.mdx": "record",
  "misc/objects/course.mdx": "course",
  "misc/objects/department-information.mdx": "department-information",
  "misc/objects/semester.mdx": "semester",
  "misc/objects/unused-type.mdx": "unused-type",
  "misc/queries/search-role.mdx": "search-role",
  "misc/scalars/boolean.mdx": "boolean",
  "misc/scalars/date.mdx": "date",
  "misc/scalars/email-address.mdx": "email-address",
  "misc/scalars/id.mdx": "id",
  "misc/scalars/int.mdx": "int",
  "misc/scalars/phone-number.mdx": "phone-number",
  "misc/scalars/string.mdx": "string",
  "misc/scalars/time.mdx": "time",
  "misc/scalars/url.mdx": "url",
}
`;

exports[`renderer generateDocFromSchema() Markdown document structure from GraphQL schema is correct when using grouping 2`] = `{}`;

exports[`renderer generateDocFromSchema() generates Markdown document structure from GraphQL schema 1`] = `
{
  "directives/deprecated.mdx": "deprecated",
  "directives/include.mdx": "include",
  "directives/one-of.mdx": "one-of",
  "directives/skip.mdx": "skip",
  "directives/specified-by.mdx": "specified-by",
  "enums/media-type.mdx": "media-type",
  "generated.md": "Dummy homepage for tweet.graphql",
  "inputs/tweet-content.mdx": "tweet-content",
  "interfaces/node.mdx": "node",
  "mutations/create-tweet.mdx": "create-tweet",
  "mutations/delete-tweet.mdx": "delete-tweet",
  "mutations/mark-tweet-read.mdx": "mark-tweet-read",
  "objects/media.mdx": "media",
  "objects/meta.mdx": "meta",
  "objects/notification.mdx": "notification",
  "objects/stat.mdx": "stat",
  "objects/tweet.mdx": "tweet",
  "objects/user.mdx": "user",
  "queries/notifications-meta.mdx": "notifications-meta",
  "queries/tweet.mdx": "tweet",
  "queries/tweets-meta.mdx": "tweets-meta",
  "queries/tweets.mdx": "tweets",
  "queries/user.mdx": "user",
  "queries/users.mdx": "users",
  "scalars/boolean.mdx": "boolean",
  "scalars/date.mdx": "date",
  "scalars/id.mdx": "id",
  "scalars/int.mdx": "int",
  "scalars/sri.mdx": "sri",
  "scalars/string.mdx": "string",
  "scalars/url.mdx": "url",
  "subscriptions/notifications.mdx": "notifications",
}
`;
